**********************
Windows PowerShell transcript start
Start time: 20260214130017
Username: EC2AMAZ-2H3COSJ\Administrator
RunAs User: EC2AMAZ-2H3COSJ\Administrator
Configuration Name: 
Machine: EC2AMAZ-2H3COSJ (Microsoft Windows NT 10.0.26100.0)
Host Application: C:\Windows\System32\WindowsPowerShell\v1.0\powershell.exe
Process ID: 8464
PSVersion: 5.1.26100.32370
PSEdition: Desktop
PSCompatibleVersions: 1.0, 2.0, 3.0, 4.0, 5.0, 5.1.26100.32370
BuildVersion: 10.0.26100.32370
CLRVersion: 4.0.30319.42000
WSManStackVersion: 3.0
PSRemotingProtocolVersion: 2.3
SerializationVersion: 1.1.0.1
**********************
Transcript started, output file is C:\Logs\powershell.log
PS C:\Users\Administrator> curl.exe -v bokunimo.net/hello.html
<
﻿<html>
  <head>
    <title>Test Page on bokunimo.net</title>
  </head>
  <body>
    <p>Hello!</p>
  </body>
</html>
* Connection #0 to host bokunimo.net:80 left intact
PS C:\Users\Administrator> cd tools
PS C:\Users\Administrator\tools> dr
PS C:\Users\Administrator\tools> TerminatingError(): "The pipeline has been stopped."
PS C:\Users\Administrator\tools> py .\tcp_server.py

PS C:\Users\Administrator\tools> py .\tcp_server.py

PS C:\Users\Administrator\tools> TerminatingError(): "The pipeline has been stopped."
>> TerminatingError(): "The pipeline has been stopped."
